
> novaschem@0.0.0 build
> tsc -b && vite build

src/App.tsx(513,7): error TS6133: 'lastResult' is declared but its value is never read.
